﻿[dotenv@17.2.3] injecting env (2) from .env -- tip: ΓÜÖ∩╕Å  override existing env vars with { override: true }
Testing direct MariaDB connection...
Debug URL Password: harsh%405531
node : Connection 
failed:
At line:1 char:1
+ node scripts/test-m
ariadb-direct.js > 
test_output.txt 
2>&1; Get-Conte ...
+ ~~~~~~~~~~~~~~~~~~~
~~~~~~~~~~~~~~~~~~~~~
~~~~~~~~~~~~~~~~~~
    + CategoryInfo   
           : NotSpe  
  cified: (Connect   
 ion failed::Stri    
ng) [], RemoteEx    
ception
    + FullyQualified 
   ErrorId : Native  
  CommandError
 
SqlError: (conn:-1, no: 45028, SQLState: HY000) pool timeout: failed to retrieve a connection from pool after 10013ms
    (pool connections: active=0 idle=0 limit=10)
    at module.exports.createError (D:\MOM\minuteofmeeting\node_modules\mariadb\lib\misc\errors.js:65:21)
    at Pool._rejectTimedOutRequest (D:\MOM\minuteofmeeting\node_modules\mariadb\lib\pool.js:347:33)
    at Pool._checkRequestTimeouts (D:\MOM\minuteofmeeting\node_modules\mariadb\lib\pool.js:315:14)
    at listOnTimeout (node:internal/timers:588:17)
    at process.processTimers (node:internal/timers:523:7) {
  sqlMessage: 'pool timeout: failed to retrieve a connection from pool after 10013ms\n' +
    '    (pool connections: active=0 idle=0 limit=10)',
  sql: null,
  fatal: false,
  errno: 45028,
  sqlState: 'HY000',
  code: 'ER_GET_CONNECTION_TIMEOUT',
  [cause]: SqlError: (conn:419, no: 1045, SQLState: 28000) Access denied for user 'root'@'localhost' (using password: YES)
      (pool connections: active=0 idle=0 limit=10)
      at module.exports.createError (D:\MOM\minuteofmeeting\node_modules\mariadb\lib\misc\errors.js:66:10)
      at PacketNodeEncoded.readError (D:\MOM\minuteofmeeting\node_modules\mariadb\lib\io\packet.js:588:19)
      at Authentication.handshakeResult (D:\MOM\minuteofmeeting\node_modules\mariadb\lib\cmd\handshake\authentication.js:187:32)
      at CachingSha2PasswordAuth.response (D:\MOM\minuteofmeeting\node_modules\mariadb\lib\cmd\handshake\auth\caching-sha2-password-auth.js:121:21)
      at Authentication.onPacketReceive (D:\MOM\minuteofmeeting\node_modules\mariadb\lib\cmd\handshake\authentication.js:42:17)
      at PacketInputStream.receivePacketBasic (D:\MOM\minuteofmeeting\node_modules\mariadb\lib\io\packet-input-stream.js:85:9)
      at PacketInputStream.onData (D:\MOM\minuteofmeeting\node_modules\mariadb\lib\io\packet-input-stream.js:135:20)
      at Socket.emit (node:events:518:28)
      at addChunk (node:internal/streams/readable:561:12)
      at readableAddChunkPushByteMode (node:internal/streams/readable:512:3) {
    sqlMessage: "Access denied for user 'root'@'localhost' (using password: YES)",
    sql: null,
    fatal: true,
    errno: 1045,
    sqlState: '28000',
    code: 'ER_ACCESS_DENIED_ERROR'
  }
}
